Jan 05, 2026 1:16:38 PM ai.glog.execute.workers.TriageAndRemediationCallableWorker call
SEVERE: No enum constant ai.glog.plugins.bandit.plugin.BugEnum.resources.rules.python.missing-ratelimit
java.lang.IllegalArgumentException: No enum constant ai.glog.plugins.bandit.plugin.BugEnum.resources.rules.python.missing-ratelimit
	at java.base/java.lang.Enum.valueOf(Enum.java:274)
	at ai.glog.plugins.bandit.plugin.BugEnum.valueOf(BugEnum.java:6)
	at ai.glog.execute.workers.TriageAndRemediationCallableWorker.getResolver(TriageAndRemediationCallableWorker.java:97)
	at ai.glog.execute.workers.TriageAndRemediationCallableWorker.call(TriageAndRemediationCallableWorker.java:62)
	at ai.glog.execute.workers.TriageAndRemediationCallableWorker.call(TriageAndRemediationCallableWorker.java:32)
	at java.base/java.util.concurrent.FutureTask.run(FutureTask.java:317)
	at java.base/java.util.concurrent.ThreadPoolExecutor.runWorker(ThreadPoolExecutor.java:1144)
	at java.base/java.util.concurrent.ThreadPoolExecutor$Worker.run(ThreadPoolExecutor.java:642)
	at java.base/java.lang.Thread.run(Thread.java:1623)

Jan 05, 2026 1:16:38 PM ai.glog.execute.workers.TriageAndRemediationCallableWorker call
SEVERE: No enum constant ai.glog.plugins.bandit.plugin.BugEnum.resources.rules.python.xss-render-method
java.lang.IllegalArgumentException: No enum constant ai.glog.plugins.bandit.plugin.BugEnum.resources.rules.python.xss-render-method
	at java.base/java.lang.Enum.valueOf(Enum.java:274)
	at ai.glog.plugins.bandit.plugin.BugEnum.valueOf(BugEnum.java:6)
	at ai.glog.execute.workers.TriageAndRemediationCallableWorker.getResolver(TriageAndRemediationCallableWorker.java:97)
	at ai.glog.execute.workers.TriageAndRemediationCallableWorker.call(TriageAndRemediationCallableWorker.java:62)
	at ai.glog.execute.workers.TriageAndRemediationCallableWorker.call(TriageAndRemediationCallableWorker.java:32)
	at java.base/java.util.concurrent.FutureTask.run(FutureTask.java:317)
	at java.base/java.util.concurrent.ThreadPoolExecutor.runWorker(ThreadPoolExecutor.java:1144)
	at java.base/java.util.concurrent.ThreadPoolExecutor$Worker.run(ThreadPoolExecutor.java:642)
	at java.base/java.lang.Thread.run(Thread.java:1623)

Jan 05, 2026 1:16:38 PM ai.glog.execute.workers.TriageAndRemediationCallableWorker call
SEVERE: No enum constant ai.glog.plugins.bandit.plugin.BugEnum.resources.rules.python.no-csrf-exempt
java.lang.IllegalArgumentException: No enum constant ai.glog.plugins.bandit.plugin.BugEnum.resources.rules.python.no-csrf-exempt
	at java.base/java.lang.Enum.valueOf(Enum.java:274)
	at ai.glog.plugins.bandit.plugin.BugEnum.valueOf(BugEnum.java:6)
	at ai.glog.execute.workers.TriageAndRemediationCallableWorker.getResolver(TriageAndRemediationCallableWorker.java:97)
	at ai.glog.execute.workers.TriageAndRemediationCallableWorker.call(TriageAndRemediationCallableWorker.java:62)
	at ai.glog.execute.workers.TriageAndRemediationCallableWorker.call(TriageAndRemediationCallableWorker.java:32)
	at java.base/java.util.concurrent.FutureTask.run(FutureTask.java:317)
	at java.base/java.util.concurrent.ThreadPoolExecutor.runWorker(ThreadPoolExecutor.java:1144)
	at java.base/java.util.concurrent.ThreadPoolExecutor$Worker.run(ThreadPoolExecutor.java:642)
	at java.base/java.lang.Thread.run(Thread.java:1623)

Jan 05, 2026 1:16:38 PM ai.glog.execute.workers.TriageAndRemediationCallableWorker call
SEVERE: No enum constant ai.glog.plugins.bandit.plugin.BugEnum.python.django.security.audit.csrf-exempt.no-csrf-exempt
java.lang.IllegalArgumentException: No enum constant ai.glog.plugins.bandit.plugin.BugEnum.python.django.security.audit.csrf-exempt.no-csrf-exempt
	at java.base/java.lang.Enum.valueOf(Enum.java:274)
	at ai.glog.plugins.bandit.plugin.BugEnum.valueOf(BugEnum.java:6)
	at ai.glog.execute.workers.TriageAndRemediationCallableWorker.getResolver(TriageAndRemediationCallableWorker.java:97)
	at ai.glog.execute.workers.TriageAndRemediationCallableWorker.call(TriageAndRemediationCallableWorker.java:62)
	at ai.glog.execute.workers.TriageAndRemediationCallableWorker.call(TriageAndRemediationCallableWorker.java:32)
	at java.base/java.util.concurrent.FutureTask.run(FutureTask.java:317)
	at java.base/java.util.concurrent.ThreadPoolExecutor.runWorker(ThreadPoolExecutor.java:1144)
	at java.base/java.util.concurrent.ThreadPoolExecutor$Worker.run(ThreadPoolExecutor.java:642)
	at java.base/java.lang.Thread.run(Thread.java:1623)

Jan 05, 2026 1:16:38 PM ai.glog.execute.workers.TriageAndRemediationCallableWorker call
SEVERE: No enum constant ai.glog.plugins.bandit.plugin.BugEnum.python.django.security.audit.csrf-exempt.no-csrf-exempt
java.lang.IllegalArgumentException: No enum constant ai.glog.plugins.bandit.plugin.BugEnum.python.django.security.audit.csrf-exempt.no-csrf-exempt
	at java.base/java.lang.Enum.valueOf(Enum.java:274)
	at ai.glog.plugins.bandit.plugin.BugEnum.valueOf(BugEnum.java:6)
	at ai.glog.execute.workers.TriageAndRemediationCallableWorker.getResolver(TriageAndRemediationCallableWorker.java:97)
	at ai.glog.execute.workers.TriageAndRemediationCallableWorker.call(TriageAndRemediationCallableWorker.java:62)
	at ai.glog.execute.workers.TriageAndRemediationCallableWorker.call(TriageAndRemediationCallableWorker.java:32)
	at java.base/java.util.concurrent.FutureTask.run(FutureTask.java:317)
	at java.base/java.util.concurrent.ThreadPoolExecutor.runWorker(ThreadPoolExecutor.java:1144)
	at java.base/java.util.concurrent.ThreadPoolExecutor$Worker.run(ThreadPoolExecutor.java:642)
	at java.base/java.lang.Thread.run(Thread.java:1623)

Jan 05, 2026 1:16:38 PM ai.glog.execute.workers.TriageAndRemediationCallableWorker call
SEVERE: No enum constant ai.glog.plugins.bandit.plugin.BugEnum.resources.rules.python.no-csrf-exempt
java.lang.IllegalArgumentException: No enum constant ai.glog.plugins.bandit.plugin.BugEnum.resources.rules.python.no-csrf-exempt
	at java.base/java.lang.Enum.valueOf(Enum.java:274)
	at ai.glog.plugins.bandit.plugin.BugEnum.valueOf(BugEnum.java:6)
	at ai.glog.execute.workers.TriageAndRemediationCallableWorker.getResolver(TriageAndRemediationCallableWorker.java:97)
	at ai.glog.execute.workers.TriageAndRemediationCallableWorker.call(TriageAndRemediationCallableWorker.java:62)
	at ai.glog.execute.workers.TriageAndRemediationCallableWorker.call(TriageAndRemediationCallableWorker.java:32)
	at java.base/java.util.concurrent.FutureTask.run(FutureTask.java:317)
	at java.base/java.util.concurrent.ThreadPoolExecutor.runWorker(ThreadPoolExecutor.java:1144)
	at java.base/java.util.concurrent.ThreadPoolExecutor$Worker.run(ThreadPoolExecutor.java:642)
	at java.base/java.lang.Thread.run(Thread.java:1623)

Jan 05, 2026 1:16:38 PM ai.glog.execute.workers.TriageAndRemediationCallableWorker call
SEVERE: No enum constant ai.glog.plugins.bandit.plugin.BugEnum.resources.rules.python.missing-ratelimit
java.lang.IllegalArgumentException: No enum constant ai.glog.plugins.bandit.plugin.BugEnum.resources.rules.python.missing-ratelimit
	at java.base/java.lang.Enum.valueOf(Enum.java:274)
	at ai.glog.plugins.bandit.plugin.BugEnum.valueOf(BugEnum.java:6)
	at ai.glog.execute.workers.TriageAndRemediationCallableWorker.getResolver(TriageAndRemediationCallableWorker.java:97)
	at ai.glog.execute.workers.TriageAndRemediationCallableWorker.call(TriageAndRemediationCallableWorker.java:62)
	at ai.glog.execute.workers.TriageAndRemediationCallableWorker.call(TriageAndRemediationCallableWorker.java:32)
	at java.base/java.util.concurrent.FutureTask.run(FutureTask.java:317)
	at java.base/java.util.concurrent.ThreadPoolExecutor.runWorker(ThreadPoolExecutor.java:1144)
	at java.base/java.util.concurrent.ThreadPoolExecutor$Worker.run(ThreadPoolExecutor.java:642)
	at java.base/java.lang.Thread.run(Thread.java:1623)

Jan 05, 2026 1:16:38 PM ai.glog.execute.workers.TriageAndRemediationCallableWorker call
SEVERE: No enum constant ai.glog.plugins.bandit.plugin.BugEnum.python.django.security.audit.csrf-exempt.no-csrf-exempt
java.lang.IllegalArgumentException: No enum constant ai.glog.plugins.bandit.plugin.BugEnum.python.django.security.audit.csrf-exempt.no-csrf-exempt
	at java.base/java.lang.Enum.valueOf(Enum.java:274)
	at ai.glog.plugins.bandit.plugin.BugEnum.valueOf(BugEnum.java:6)
	at ai.glog.execute.workers.TriageAndRemediationCallableWorker.getResolver(TriageAndRemediationCallableWorker.java:97)
	at ai.glog.execute.workers.TriageAndRemediationCallableWorker.call(TriageAndRemediationCallableWorker.java:62)
	at ai.glog.execute.workers.TriageAndRemediationCallableWorker.call(TriageAndRemediationCallableWorker.java:32)
	at java.base/java.util.concurrent.FutureTask.run(FutureTask.java:317)
	at java.base/java.util.concurrent.ThreadPoolExecutor.runWorker(ThreadPoolExecutor.java:1144)
	at java.base/java.util.concurrent.ThreadPoolExecutor$Worker.run(ThreadPoolExecutor.java:642)
	at java.base/java.lang.Thread.run(Thread.java:1623)

Jan 05, 2026 1:16:38 PM ai.glog.execute.workers.TriageAndRemediationCallableWorker call
SEVERE: No enum constant ai.glog.plugins.bandit.plugin.BugEnum.resources.rules.python.missing-ratelimit
java.lang.IllegalArgumentException: No enum constant ai.glog.plugins.bandit.plugin.BugEnum.resources.rules.python.missing-ratelimit
	at java.base/java.lang.Enum.valueOf(Enum.java:274)
	at ai.glog.plugins.bandit.plugin.BugEnum.valueOf(BugEnum.java:6)
	at ai.glog.execute.workers.TriageAndRemediationCallableWorker.getResolver(TriageAndRemediationCallableWorker.java:97)
	at ai.glog.execute.workers.TriageAndRemediationCallableWorker.call(TriageAndRemediationCallableWorker.java:62)
	at ai.glog.execute.workers.TriageAndRemediationCallableWorker.call(TriageAndRemediationCallableWorker.java:32)
	at java.base/java.util.concurrent.FutureTask.run(FutureTask.java:317)
	at java.base/java.util.concurrent.ThreadPoolExecutor.runWorker(ThreadPoolExecutor.java:1144)
	at java.base/java.util.concurrent.ThreadPoolExecutor$Worker.run(ThreadPoolExecutor.java:642)
	at java.base/java.lang.Thread.run(Thread.java:1623)

Jan 05, 2026 1:16:38 PM ai.glog.execute.workers.TriageAndRemediationCallableWorker call
SEVERE: No enum constant ai.glog.plugins.bandit.plugin.BugEnum.python.django.security.audit.xss.direct-use-of-httpresponse.direct-use-of-httpresponse
java.lang.IllegalArgumentException: No enum constant ai.glog.plugins.bandit.plugin.BugEnum.python.django.security.audit.xss.direct-use-of-httpresponse.direct-use-of-httpresponse
	at java.base/java.lang.Enum.valueOf(Enum.java:274)
	at ai.glog.plugins.bandit.plugin.BugEnum.valueOf(BugEnum.java:6)
	at ai.glog.execute.workers.TriageAndRemediationCallableWorker.getResolver(TriageAndRemediationCallableWorker.java:97)
	at ai.glog.execute.workers.TriageAndRemediationCallableWorker.call(TriageAndRemediationCallableWorker.java:62)
	at ai.glog.execute.workers.TriageAndRemediationCallableWorker.call(TriageAndRemediationCallableWorker.java:32)
	at java.base/java.util.concurrent.FutureTask.run(FutureTask.java:317)
	at java.base/java.util.concurrent.ThreadPoolExecutor.runWorker(ThreadPoolExecutor.java:1144)
	at java.base/java.util.concurrent.ThreadPoolExecutor$Worker.run(ThreadPoolExecutor.java:642)
	at java.base/java.lang.Thread.run(Thread.java:1623)

Jan 05, 2026 1:16:38 PM ai.glog.execute.workers.TriageAndRemediationCallableWorker call
SEVERE: No enum constant ai.glog.plugins.bandit.plugin.BugEnum.resources.rules.python.direct-use-of-httpresponse
java.lang.IllegalArgumentException: No enum constant ai.glog.plugins.bandit.plugin.BugEnum.resources.rules.python.direct-use-of-httpresponse
	at java.base/java.lang.Enum.valueOf(Enum.java:274)
	at ai.glog.plugins.bandit.plugin.BugEnum.valueOf(BugEnum.java:6)
	at ai.glog.execute.workers.TriageAndRemediationCallableWorker.getResolver(TriageAndRemediationCallableWorker.java:97)
	at ai.glog.execute.workers.TriageAndRemediationCallableWorker.call(TriageAndRemediationCallableWorker.java:62)
	at ai.glog.execute.workers.TriageAndRemediationCallableWorker.call(TriageAndRemediationCallableWorker.java:32)
	at java.base/java.util.concurrent.FutureTask.run(FutureTask.java:317)
	at java.base/java.util.concurrent.ThreadPoolExecutor.runWorker(ThreadPoolExecutor.java:1144)
	at java.base/java.util.concurrent.ThreadPoolExecutor$Worker.run(ThreadPoolExecutor.java:642)
	at java.base/java.lang.Thread.run(Thread.java:1623)

Jan 05, 2026 1:16:38 PM ai.glog.execute.workers.TriageAndRemediationCallableWorker call
SEVERE: No enum constant ai.glog.plugins.bandit.plugin.BugEnum.resources.rules.python.no-csrf-exempt
java.lang.IllegalArgumentException: No enum constant ai.glog.plugins.bandit.plugin.BugEnum.resources.rules.python.no-csrf-exempt
	at java.base/java.lang.Enum.valueOf(Enum.java:274)
	at ai.glog.plugins.bandit.plugin.BugEnum.valueOf(BugEnum.java:6)
	at ai.glog.execute.workers.TriageAndRemediationCallableWorker.getResolver(TriageAndRemediationCallableWorker.java:97)
	at ai.glog.execute.workers.TriageAndRemediationCallableWorker.call(TriageAndRemediationCallableWorker.java:62)
	at ai.glog.execute.workers.TriageAndRemediationCallableWorker.call(TriageAndRemediationCallableWorker.java:32)
	at java.base/java.util.concurrent.FutureTask.run(FutureTask.java:317)
	at java.base/java.util.concurrent.ThreadPoolExecutor.runWorker(ThreadPoolExecutor.java:1144)
	at java.base/java.util.concurrent.ThreadPoolExecutor$Worker.run(ThreadPoolExecutor.java:642)
	at java.base/java.lang.Thread.run(Thread.java:1623)

Jan 05, 2026 1:16:38 PM ai.glog.execute.workers.TriageAndRemediationCallableWorker call
SEVERE: No enum constant ai.glog.plugins.bandit.plugin.BugEnum.python.django.security.audit.csrf-exempt.no-csrf-exempt
java.lang.IllegalArgumentException: No enum constant ai.glog.plugins.bandit.plugin.BugEnum.python.django.security.audit.csrf-exempt.no-csrf-exempt
	at java.base/java.lang.Enum.valueOf(Enum.java:274)
	at ai.glog.plugins.bandit.plugin.BugEnum.valueOf(BugEnum.java:6)
	at ai.glog.execute.workers.TriageAndRemediationCallableWorker.getResolver(TriageAndRemediationCallableWorker.java:97)
	at ai.glog.execute.workers.TriageAndRemediationCallableWorker.call(TriageAndRemediationCallableWorker.java:62)
	at ai.glog.execute.workers.TriageAndRemediationCallableWorker.call(TriageAndRemediationCallableWorker.java:32)
	at java.base/java.util.concurrent.FutureTask.run(FutureTask.java:317)
	at java.base/java.util.concurrent.ThreadPoolExecutor.runWorker(ThreadPoolExecutor.java:1144)
	at java.base/java.util.concurrent.ThreadPoolExecutor$Worker.run(ThreadPoolExecutor.java:642)
	at java.base/java.lang.Thread.run(Thread.java:1623)

Jan 05, 2026 1:16:38 PM ai.glog.execute.workers.TriageAndRemediationCallableWorker call
SEVERE: No enum constant ai.glog.plugins.bandit.plugin.BugEnum.resources.rules.python.missing-ratelimit
java.lang.IllegalArgumentException: No enum constant ai.glog.plugins.bandit.plugin.BugEnum.resources.rules.python.missing-ratelimit
	at java.base/java.lang.Enum.valueOf(Enum.java:274)
	at ai.glog.plugins.bandit.plugin.BugEnum.valueOf(BugEnum.java:6)
	at ai.glog.execute.workers.TriageAndRemediationCallableWorker.getResolver(TriageAndRemediationCallableWorker.java:97)
	at ai.glog.execute.workers.TriageAndRemediationCallableWorker.call(TriageAndRemediationCallableWorker.java:62)
	at ai.glog.execute.workers.TriageAndRemediationCallableWorker.call(TriageAndRemediationCallableWorker.java:32)
	at java.base/java.util.concurrent.FutureTask.run(FutureTask.java:317)
	at java.base/java.util.concurrent.ThreadPoolExecutor.runWorker(ThreadPoolExecutor.java:1144)
	at java.base/java.util.concurrent.ThreadPoolExecutor$Worker.run(ThreadPoolExecutor.java:642)
	at java.base/java.lang.Thread.run(Thread.java:1623)

Jan 05, 2026 1:16:38 PM ai.glog.execute.workers.TriageAndRemediationCallableWorker call
SEVERE: No enum constant ai.glog.plugins.bandit.plugin.BugEnum.resources.rules.python.no-csrf-exempt
java.lang.IllegalArgumentException: No enum constant ai.glog.plugins.bandit.plugin.BugEnum.resources.rules.python.no-csrf-exempt
	at java.base/java.lang.Enum.valueOf(Enum.java:274)
	at ai.glog.plugins.bandit.plugin.BugEnum.valueOf(BugEnum.java:6)
	at ai.glog.execute.workers.TriageAndRemediationCallableWorker.getResolver(TriageAndRemediationCallableWorker.java:97)
	at ai.glog.execute.workers.TriageAndRemediationCallableWorker.call(TriageAndRemediationCallableWorker.java:62)
	at ai.glog.execute.workers.TriageAndRemediationCallableWorker.call(TriageAndRemediationCallableWorker.java:32)
	at java.base/java.util.concurrent.FutureTask.run(FutureTask.java:317)
	at java.base/java.util.concurrent.ThreadPoolExecutor.runWorker(ThreadPoolExecutor.java:1144)
	at java.base/java.util.concurrent.ThreadPoolExecutor$Worker.run(ThreadPoolExecutor.java:642)
	at java.base/java.lang.Thread.run(Thread.java:1623)

Jan 05, 2026 1:16:38 PM ai.glog.execute.workers.TriageAndRemediationCallableWorker call
SEVERE: No enum constant ai.glog.plugins.bandit.plugin.BugEnum.python.django.security.audit.csrf-exempt.no-csrf-exempt
java.lang.IllegalArgumentException: No enum constant ai.glog.plugins.bandit.plugin.BugEnum.python.django.security.audit.csrf-exempt.no-csrf-exempt
	at java.base/java.lang.Enum.valueOf(Enum.java:274)
	at ai.glog.plugins.bandit.plugin.BugEnum.valueOf(BugEnum.java:6)
	at ai.glog.execute.workers.TriageAndRemediationCallableWorker.getResolver(TriageAndRemediationCallableWorker.java:97)
	at ai.glog.execute.workers.TriageAndRemediationCallableWorker.call(TriageAndRemediationCallableWorker.java:62)
	at ai.glog.execute.workers.TriageAndRemediationCallableWorker.call(TriageAndRemediationCallableWorker.java:32)
	at java.base/java.util.concurrent.FutureTask.run(FutureTask.java:317)
	at java.base/java.util.concurrent.ThreadPoolExecutor.runWorker(ThreadPoolExecutor.java:1144)
	at java.base/java.util.concurrent.ThreadPoolExecutor$Worker.run(ThreadPoolExecutor.java:642)
	at java.base/java.lang.Thread.run(Thread.java:1623)

Jan 05, 2026 1:16:38 PM ai.glog.execute.workers.TriageAndRemediationCallableWorker call
SEVERE: No enum constant ai.glog.plugins.bandit.plugin.BugEnum.resources.rules.python.missing-ratelimit
java.lang.IllegalArgumentException: No enum constant ai.glog.plugins.bandit.plugin.BugEnum.resources.rules.python.missing-ratelimit
	at java.base/java.lang.Enum.valueOf(Enum.java:274)
	at ai.glog.plugins.bandit.plugin.BugEnum.valueOf(BugEnum.java:6)
	at ai.glog.execute.workers.TriageAndRemediationCallableWorker.getResolver(TriageAndRemediationCallableWorker.java:97)
	at ai.glog.execute.workers.TriageAndRemediationCallableWorker.call(TriageAndRemediationCallableWorker.java:62)
	at ai.glog.execute.workers.TriageAndRemediationCallableWorker.call(TriageAndRemediationCallableWorker.java:32)
	at java.base/java.util.concurrent.FutureTask.run(FutureTask.java:317)
	at java.base/java.util.concurrent.ThreadPoolExecutor.runWorker(ThreadPoolExecutor.java:1144)
	at java.base/java.util.concurrent.ThreadPoolExecutor$Worker.run(ThreadPoolExecutor.java:642)
	at java.base/java.lang.Thread.run(Thread.java:1623)

Jan 05, 2026 1:16:38 PM ai.glog.execute.workers.TriageAndRemediationCallableWorker call
SEVERE: No enum constant ai.glog.plugins.bandit.plugin.BugEnum.resources.rules.python.no-csrf-exempt
java.lang.IllegalArgumentException: No enum constant ai.glog.plugins.bandit.plugin.BugEnum.resources.rules.python.no-csrf-exempt
	at java.base/java.lang.Enum.valueOf(Enum.java:274)
	at ai.glog.plugins.bandit.plugin.BugEnum.valueOf(BugEnum.java:6)
	at ai.glog.execute.workers.TriageAndRemediationCallableWorker.getResolver(TriageAndRemediationCallableWorker.java:97)
	at ai.glog.execute.workers.TriageAndRemediationCallableWorker.call(TriageAndRemediationCallableWorker.java:62)
	at ai.glog.execute.workers.TriageAndRemediationCallableWorker.call(TriageAndRemediationCallableWorker.java:32)
	at java.base/java.util.concurrent.FutureTask.run(FutureTask.java:317)
	at java.base/java.util.concurrent.ThreadPoolExecutor.runWorker(ThreadPoolExecutor.java:1144)
	at java.base/java.util.concurrent.ThreadPoolExecutor$Worker.run(ThreadPoolExecutor.java:642)
	at java.base/java.lang.Thread.run(Thread.java:1623)

Jan 05, 2026 1:16:38 PM ai.glog.execute.workers.TriageAndRemediationCallableWorker call
SEVERE: No enum constant ai.glog.plugins.bandit.plugin.BugEnum.resources.rules.python.missing-ratelimit
java.lang.IllegalArgumentException: No enum constant ai.glog.plugins.bandit.plugin.BugEnum.resources.rules.python.missing-ratelimit
	at java.base/java.lang.Enum.valueOf(Enum.java:274)
	at ai.glog.plugins.bandit.plugin.BugEnum.valueOf(BugEnum.java:6)
	at ai.glog.execute.workers.TriageAndRemediationCallableWorker.getResolver(TriageAndRemediationCallableWorker.java:97)
	at ai.glog.execute.workers.TriageAndRemediationCallableWorker.call(TriageAndRemediationCallableWorker.java:62)
	at ai.glog.execute.workers.TriageAndRemediationCallableWorker.call(TriageAndRemediationCallableWorker.java:32)
	at java.base/java.util.concurrent.FutureTask.run(FutureTask.java:317)
	at java.base/java.util.concurrent.ThreadPoolExecutor.runWorker(ThreadPoolExecutor.java:1144)
	at java.base/java.util.concurrent.ThreadPoolExecutor$Worker.run(ThreadPoolExecutor.java:642)
	at java.base/java.lang.Thread.run(Thread.java:1623)

Jan 05, 2026 1:16:38 PM ai.glog.execute.workers.TriageAndRemediationCallableWorker call
SEVERE: No enum constant ai.glog.plugins.bandit.plugin.BugEnum.python.django.security.audit.csrf-exempt.no-csrf-exempt
java.lang.IllegalArgumentException: No enum constant ai.glog.plugins.bandit.plugin.BugEnum.python.django.security.audit.csrf-exempt.no-csrf-exempt
	at java.base/java.lang.Enum.valueOf(Enum.java:274)
	at ai.glog.plugins.bandit.plugin.BugEnum.valueOf(BugEnum.java:6)
	at ai.glog.execute.workers.TriageAndRemediationCallableWorker.getResolver(TriageAndRemediationCallableWorker.java:97)
	at ai.glog.execute.workers.TriageAndRemediationCallableWorker.call(TriageAndRemediationCallableWorker.java:62)
	at ai.glog.execute.workers.TriageAndRemediationCallableWorker.call(TriageAndRemediationCallableWorker.java:32)
	at java.base/java.util.concurrent.FutureTask.run(FutureTask.java:317)
	at java.base/java.util.concurrent.ThreadPoolExecutor.runWorker(ThreadPoolExecutor.java:1144)
	at java.base/java.util.concurrent.ThreadPoolExecutor$Worker.run(ThreadPoolExecutor.java:642)
	at java.base/java.lang.Thread.run(Thread.java:1623)

Jan 05, 2026 1:16:38 PM ai.glog.execute.workers.TriageAndRemediationCallableWorker call
SEVERE: No enum constant ai.glog.plugins.bandit.plugin.BugEnum.resources.rules.python.no-csrf-exempt
java.lang.IllegalArgumentException: No enum constant ai.glog.plugins.bandit.plugin.BugEnum.resources.rules.python.no-csrf-exempt
	at java.base/java.lang.Enum.valueOf(Enum.java:274)
	at ai.glog.plugins.bandit.plugin.BugEnum.valueOf(BugEnum.java:6)
	at ai.glog.execute.workers.TriageAndRemediationCallableWorker.getResolver(TriageAndRemediationCallableWorker.java:97)
	at ai.glog.execute.workers.TriageAndRemediationCallableWorker.call(TriageAndRemediationCallableWorker.java:62)
	at ai.glog.execute.workers.TriageAndRemediationCallableWorker.call(TriageAndRemediationCallableWorker.java:32)
	at java.base/java.util.concurrent.FutureTask.run(FutureTask.java:317)
	at java.base/java.util.concurrent.ThreadPoolExecutor.runWorker(ThreadPoolExecutor.java:1144)
	at java.base/java.util.concurrent.ThreadPoolExecutor$Worker.run(ThreadPoolExecutor.java:642)
	at java.base/java.lang.Thread.run(Thread.java:1623)

Jan 05, 2026 1:16:38 PM ai.glog.execute.workers.TriageAndRemediationCallableWorker call
SEVERE: No enum constant ai.glog.plugins.bandit.plugin.BugEnum.python.django.security.injection.sql.sql-injection-using-db-cursor-execute.sql-injection-db-cursor-execute
java.lang.IllegalArgumentException: No enum constant ai.glog.plugins.bandit.plugin.BugEnum.python.django.security.injection.sql.sql-injection-using-db-cursor-execute.sql-injection-db-cursor-execute
	at java.base/java.lang.Enum.valueOf(Enum.java:274)
	at ai.glog.plugins.bandit.plugin.BugEnum.valueOf(BugEnum.java:6)
	at ai.glog.execute.workers.TriageAndRemediationCallableWorker.getResolver(TriageAndRemediationCallableWorker.java:97)
	at ai.glog.execute.workers.TriageAndRemediationCallableWorker.call(TriageAndRemediationCallableWorker.java:62)
	at ai.glog.execute.workers.TriageAndRemediationCallableWorker.call(TriageAndRemediationCallableWorker.java:32)
	at java.base/java.util.concurrent.FutureTask.run(FutureTask.java:317)
	at java.base/java.util.concurrent.ThreadPoolExecutor.runWorker(ThreadPoolExecutor.java:1144)
	at java.base/java.util.concurrent.ThreadPoolExecutor$Worker.run(ThreadPoolExecutor.java:642)
	at java.base/java.lang.Thread.run(Thread.java:1623)

Jan 05, 2026 1:16:38 PM ai.glog.execute.workers.TriageAndRemediationCallableWorker call
SEVERE: No enum constant ai.glog.plugins.bandit.plugin.BugEnum.resources.rules.python.sql-injection-db-cursor-execute
java.lang.IllegalArgumentException: No enum constant ai.glog.plugins.bandit.plugin.BugEnum.resources.rules.python.sql-injection-db-cursor-execute
	at java.base/java.lang.Enum.valueOf(Enum.java:274)
	at ai.glog.plugins.bandit.plugin.BugEnum.valueOf(BugEnum.java:6)
	at ai.glog.execute.workers.TriageAndRemediationCallableWorker.getResolver(TriageAndRemediationCallableWorker.java:97)
	at ai.glog.execute.workers.TriageAndRemediationCallableWorker.call(TriageAndRemediationCallableWorker.java:62)
	at ai.glog.execute.workers.TriageAndRemediationCallableWorker.call(TriageAndRemediationCallableWorker.java:32)
	at java.base/java.util.concurrent.FutureTask.run(FutureTask.java:317)
	at java.base/java.util.concurrent.ThreadPoolExecutor.runWorker(ThreadPoolExecutor.java:1144)
	at java.base/java.util.concurrent.ThreadPoolExecutor$Worker.run(ThreadPoolExecutor.java:642)
	at java.base/java.lang.Thread.run(Thread.java:1623)

Jan 05, 2026 1:16:38 PM ai.glog.execute.workers.TriageAndRemediationCallableWorker call
SEVERE: No enum constant ai.glog.plugins.bandit.plugin.BugEnum.python.django.security.audit.csrf-exempt.no-csrf-exempt
java.lang.IllegalArgumentException: No enum constant ai.glog.plugins.bandit.plugin.BugEnum.python.django.security.audit.csrf-exempt.no-csrf-exempt
	at java.base/java.lang.Enum.valueOf(Enum.java:274)
	at ai.glog.plugins.bandit.plugin.BugEnum.valueOf(BugEnum.java:6)
	at ai.glog.execute.workers.TriageAndRemediationCallableWorker.getResolver(TriageAndRemediationCallableWorker.java:97)
	at ai.glog.execute.workers.TriageAndRemediationCallableWorker.call(TriageAndRemediationCallableWorker.java:62)
	at ai.glog.execute.workers.TriageAndRemediationCallableWorker.call(TriageAndRemediationCallableWorker.java:32)
	at java.base/java.util.concurrent.FutureTask.run(FutureTask.java:317)
	at java.base/java.util.concurrent.ThreadPoolExecutor.runWorker(ThreadPoolExecutor.java:1144)
	at java.base/java.util.concurrent.ThreadPoolExecutor$Worker.run(ThreadPoolExecutor.java:642)
	at java.base/java.lang.Thread.run(Thread.java:1623)

Jan 05, 2026 1:16:38 PM ai.glog.execute.workers.TriageAndRemediationCallableWorker call
SEVERE: No enum constant ai.glog.plugins.bandit.plugin.BugEnum.resources.rules.python.missing-ratelimit
java.lang.IllegalArgumentException: No enum constant ai.glog.plugins.bandit.plugin.BugEnum.resources.rules.python.missing-ratelimit
	at java.base/java.lang.Enum.valueOf(Enum.java:274)
	at ai.glog.plugins.bandit.plugin.BugEnum.valueOf(BugEnum.java:6)
	at ai.glog.execute.workers.TriageAndRemediationCallableWorker.getResolver(TriageAndRemediationCallableWorker.java:97)
	at ai.glog.execute.workers.TriageAndRemediationCallableWorker.call(TriageAndRemediationCallableWorker.java:62)
	at ai.glog.execute.workers.TriageAndRemediationCallableWorker.call(TriageAndRemediationCallableWorker.java:32)
	at java.base/java.util.concurrent.FutureTask.run(FutureTask.java:317)
	at java.base/java.util.concurrent.ThreadPoolExecutor.runWorker(ThreadPoolExecutor.java:1144)
	at java.base/java.util.concurrent.ThreadPoolExecutor$Worker.run(ThreadPoolExecutor.java:642)
	at java.base/java.lang.Thread.run(Thread.java:1623)

Jan 05, 2026 1:16:38 PM ai.glog.execute.workers.TriageAndRemediationCallableWorker call
SEVERE: No enum constant ai.glog.plugins.bandit.plugin.BugEnum.resources.rules.python.no-csrf-exempt
java.lang.IllegalArgumentException: No enum constant ai.glog.plugins.bandit.plugin.BugEnum.resources.rules.python.no-csrf-exempt
	at java.base/java.lang.Enum.valueOf(Enum.java:274)
	at ai.glog.plugins.bandit.plugin.BugEnum.valueOf(BugEnum.java:6)
	at ai.glog.execute.workers.TriageAndRemediationCallableWorker.getResolver(TriageAndRemediationCallableWorker.java:97)
	at ai.glog.execute.workers.TriageAndRemediationCallableWorker.call(TriageAndRemediationCallableWorker.java:62)
	at ai.glog.execute.workers.TriageAndRemediationCallableWorker.call(TriageAndRemediationCallableWorker.java:32)
	at java.base/java.util.concurrent.FutureTask.run(FutureTask.java:317)
	at java.base/java.util.concurrent.ThreadPoolExecutor.runWorker(ThreadPoolExecutor.java:1144)
	at java.base/java.util.concurrent.ThreadPoolExecutor$Worker.run(ThreadPoolExecutor.java:642)
	at java.base/java.lang.Thread.run(Thread.java:1623)

Jan 05, 2026 1:16:38 PM ai.glog.execute.workers.TriageAndRemediationCallableWorker call
SEVERE: No enum constant ai.glog.plugins.bandit.plugin.BugEnum.python.django.security.audit.csrf-exempt.no-csrf-exempt
java.lang.IllegalArgumentException: No enum constant ai.glog.plugins.bandit.plugin.BugEnum.python.django.security.audit.csrf-exempt.no-csrf-exempt
	at java.base/java.lang.Enum.valueOf(Enum.java:274)
	at ai.glog.plugins.bandit.plugin.BugEnum.valueOf(BugEnum.java:6)
	at ai.glog.execute.workers.TriageAndRemediationCallableWorker.getResolver(TriageAndRemediationCallableWorker.java:97)
	at ai.glog.execute.workers.TriageAndRemediationCallableWorker.call(TriageAndRemediationCallableWorker.java:62)
	at ai.glog.execute.workers.TriageAndRemediationCallableWorker.call(TriageAndRemediationCallableWorker.java:32)
	at java.base/java.util.concurrent.FutureTask.run(FutureTask.java:317)
	at java.base/java.util.concurrent.ThreadPoolExecutor.runWorker(ThreadPoolExecutor.java:1144)
	at java.base/java.util.concurrent.ThreadPoolExecutor$Worker.run(ThreadPoolExecutor.java:642)
	at java.base/java.lang.Thread.run(Thread.java:1623)

Jan 05, 2026 1:16:38 PM ai.glog.execute.workers.TriageAndRemediationCallableWorker call
SEVERE: No enum constant ai.glog.plugins.bandit.plugin.BugEnum.resources.rules.python.missing-ratelimit
java.lang.IllegalArgumentException: No enum constant ai.glog.plugins.bandit.plugin.BugEnum.resources.rules.python.missing-ratelimit
	at java.base/java.lang.Enum.valueOf(Enum.java:274)
	at ai.glog.plugins.bandit.plugin.BugEnum.valueOf(BugEnum.java:6)
	at ai.glog.execute.workers.TriageAndRemediationCallableWorker.getResolver(TriageAndRemediationCallableWorker.java:97)
	at ai.glog.execute.workers.TriageAndRemediationCallableWorker.call(TriageAndRemediationCallableWorker.java:62)
	at ai.glog.execute.workers.TriageAndRemediationCallableWorker.call(TriageAndRemediationCallableWorker.java:32)
	at java.base/java.util.concurrent.FutureTask.run(FutureTask.java:317)
	at java.base/java.util.concurrent.ThreadPoolExecutor.runWorker(ThreadPoolExecutor.java:1144)
	at java.base/java.util.concurrent.ThreadPoolExecutor$Worker.run(ThreadPoolExecutor.java:642)
	at java.base/java.lang.Thread.run(Thread.java:1623)

Jan 05, 2026 1:16:38 PM ai.glog.execute.workers.TriageAndRemediationCallableWorker call
SEVERE: No enum constant ai.glog.plugins.bandit.plugin.BugEnum.resources.rules.python.no-csrf-exempt
java.lang.IllegalArgumentException: No enum constant ai.glog.plugins.bandit.plugin.BugEnum.resources.rules.python.no-csrf-exempt
	at java.base/java.lang.Enum.valueOf(Enum.java:274)
	at ai.glog.plugins.bandit.plugin.BugEnum.valueOf(BugEnum.java:6)
	at ai.glog.execute.workers.TriageAndRemediationCallableWorker.getResolver(TriageAndRemediationCallableWorker.java:97)
	at ai.glog.execute.workers.TriageAndRemediationCallableWorker.call(TriageAndRemediationCallableWorker.java:62)
	at ai.glog.execute.workers.TriageAndRemediationCallableWorker.call(TriageAndRemediationCallableWorker.java:32)
	at java.base/java.util.concurrent.FutureTask.run(FutureTask.java:317)
	at java.base/java.util.concurrent.ThreadPoolExecutor.runWorker(ThreadPoolExecutor.java:1144)
	at java.base/java.util.concurrent.ThreadPoolExecutor$Worker.run(ThreadPoolExecutor.java:642)
	at java.base/java.lang.Thread.run(Thread.java:1623)

